// Jest Snapshot v1, https://goo.gl/fbAQLP

exports[`renders correctly 1`] = `
<div
  className="mission_table"
>
   
  <table
    className="styled-table"
  >
    <thead>
      <tr>
        <th>
          Mission
        </th>
        <th>
          Description
        </th>
        <th>
          Status
        </th>
        <th>
          Join
        </th>
      </tr>
    </thead>
    <tbody />
  </table>
</div>
`;
