// Jest Snapshot v1, https://goo.gl/fbAQLP

exports[`renders correctly 1`] = `
<nav
  className="navbar"
>
  <img
    alt=""
    className="navLogo"
    src="/space-pic.png"
  />
  <h3>
    Space Travelers' Hub
  </h3>
  <ul
    className="nav-links"
  >
    <li>
      <a
        aria-current="page"
        className="active"
        href="/"
        onClick={[Function]}
      >
        Rockets
      </a>
    </li>
    <li
      className="missionNav"
    >
      <a
        className=""
        href="/missions"
        onClick={[Function]}
      >
        Missions
      </a>
    </li>
    <li>
      <a
        className=""
        href="/my-profile"
        onClick={[Function]}
      >
        My Profile
      </a>
    </li>
  </ul>
</nav>
`;
